// Jest Snapshot v1, https://goo.gl/fbAQLP

exports[`raw-commands mac-address 1`] = `"30 30 30 37 41 38 31 37 45 39 41 43 00 00 00 00"`;
